Copyright 1986-2022 Xilinx, Inc. All Rights Reserved. Copyright 2022-2026 Advanced Micro Devices, Inc. All Rights Reserved.
---------------------------------------------------------------------------------------------------------------------------------------------
| Tool Version : Vivado v.2025.2.1 (lin64) Build 6403652 Thu Mar 19 13:47:00 MDT 2026
| Date         : Sun Aug  9 05:54:11 2026
| Host         : adrian running 64-bit Ubuntu 24.04.4 LTS
| Command      : report_control_sets -verbose -file place_report_control_sets_0.rpt
| Design       : ecc_soc_bd_wrapper
| Device       : xcve2302
---------------------------------------------------------------------------------------------------------------------------------------------

Control Set Information

Table of Contents
-----------------
1. Summary
2. Histogram
3. Flip-Flop Distribution
4. Detailed Control Set Information

1. Summary
----------

+----------------------------------------------------------+-------+
|                          Status                          | Count |
+----------------------------------------------------------+-------+
| Total control sets                                       |   137 |
|    Minimum number of control sets                        |   137 |
|    Addition due to synthesis replication                 |     0 |
|    Addition due to physical synthesis replication        |     0 |
| Unused register locations in slices containing registers |   133 |
+----------------------------------------------------------+-------+
* Control sets can be merged at opt_design using control_set_merge or merge_equivalent_drivers
** Run report_qor_suggestions for automated merging and remapping suggestions


2. Histogram
------------

+--------------------+-------+
|       Fanout       | Count |
+--------------------+-------+
| Total control sets |   137 |
| >= 0 to < 4        |    27 |
| >= 4 to < 6        |    11 |
| >= 6 to < 8        |     7 |
| >= 8 to < 10       |     8 |
| >= 10 to < 12      |     7 |
| >= 12 to < 14      |     3 |
| >= 14 to < 16      |     3 |
| >= 16              |    71 |
+--------------------+-------+
* Control sets can be remapped at either synth_design or opt_design


3. Flip-Flop Distribution
-------------------------

+--------------+-----------------------+------------------------+-----------------+--------------+
| Clock Enable | Synchronous Set/Reset | Asynchronous Set/Reset | Total Registers | Total Slices |
+--------------+-----------------------+------------------------+-----------------+--------------+
| No           | No                    | No                     |             160 |           36 |
| No           | No                    | Yes                    |              27 |            5 |
| No           | Yes                   | No                     |             173 |           53 |
| Yes          | No                    | No                     |             875 |          149 |
| Yes          | No                    | Yes                    |               0 |            0 |
| Yes          | Yes                   | No                     |            1768 |          341 |
+--------------+-----------------------+------------------------+-----------------+--------------+


4. Detailed Control Set Information
-----------------------------------

+-----------------------------------------------------------+-------------------------------------------------------------------------------------------------------------------------------------------------------------------------------+------------------------------------------------------------------------------------------------------------------------------------------------------------------+------------------+----------------+--------------+
|                        Clock Signal                       |                                                                                 Enable Signal                                                                                 |                                                                         Set/Reset Signal                                                                         | Slice Load Count | Bel Load Count | Bels / Slice |
+-----------------------------------------------------------+-------------------------------------------------------------------------------------------------------------------------------------------------------------------------------+------------------------------------------------------------------------------------------------------------------------------------------------------------------+------------------+----------------+--------------+
|  ecc_soc_bd_i/versal_cips_0/inst/pspmc_0/inst/pl0_ref_clk |                                                                                                                                                                               | ecc_soc_bd_i/smartconnect_0/inst/s00_nodes/s00_w_node/inst/s_sc_areset_pipe                                                                                      |                1 |              1 |         1.00 |
|  ecc_soc_bd_i/versal_cips_0/inst/pspmc_0/inst/pl0_ref_clk |                                                                                                                                                                               | ecc_soc_bd_i/smartconnect_0/inst/s00_nodes/s00_r_node/inst/s_sc_areset_pipe                                                                                      |                1 |              1 |         1.00 |
|  ecc_soc_bd_i/versal_cips_0/inst/pspmc_0/inst/pl0_ref_clk |                                                                                                                                                                               | ecc_soc_bd_i/smartconnect_0/inst/s00_nodes/s00_b_node/inst/s_sc_areset_pipe                                                                                      |                1 |              1 |         1.00 |
|  ecc_soc_bd_i/versal_cips_0/inst/pspmc_0/inst/pl0_ref_clk |                                                                                                                                                                               | ecc_soc_bd_i/smartconnect_0/inst/s00_nodes/s00_ar_node/inst/s_sc_areset_pipe                                                                                     |                1 |              1 |         1.00 |
|  ecc_soc_bd_i/versal_cips_0/inst/pspmc_0/inst/pl0_ref_clk |                                                                                                                                                                               | ecc_soc_bd_i/smartconnect_0/inst/s00_nodes/s00_aw_node/inst/s_sc_areset_pipe                                                                                     |                1 |              1 |         1.00 |
|  ecc_soc_bd_i/versal_cips_0/inst/pspmc_0/inst/pl0_ref_clk |                                                                                                                                                                               | ecc_soc_bd_i/smartconnect_0/inst/s00_nodes/s00_r_node/inst/inst_mi_handler/areset_r                                                                              |                1 |              2 |         2.00 |
|  ecc_soc_bd_i/versal_cips_0/inst/pspmc_0/inst/pl0_ref_clk | ecc_soc_bd_i/smartconnect_0/inst/s00_entry_pipeline/s00_mmu/inst/aw_reg_stall/E[0]                                                                                            | ecc_soc_bd_i/smartconnect_0/inst/s00_entry_pipeline/s00_mmu/inst/areset                                                                                          |                1 |              2 |         2.00 |
|  ecc_soc_bd_i/versal_cips_0/inst/pspmc_0/inst/pl0_ref_clk | ecc_soc_bd_i/smartconnect_0/inst/s00_entry_pipeline/s00_si_converter/inst/gen_axilite_conv.axilite_conv_inst/ar_start_addr_align[1]_i_1_n_0                                   | ecc_soc_bd_i/smartconnect_0/inst/s00_entry_pipeline/s00_si_converter/inst/areset                                                                                 |                1 |              2 |         2.00 |
|  ecc_soc_bd_i/versal_cips_0/inst/pspmc_0/inst/pl0_ref_clk | ecc_soc_bd_i/smartconnect_0/inst/s00_entry_pipeline/s00_si_converter/inst/gen_axilite_conv.axilite_conv_inst/s_axi_bresp_i[1]_i_2_n_0                                         | ecc_soc_bd_i/smartconnect_0/inst/s00_entry_pipeline/s00_si_converter/inst/gen_axilite_conv.axilite_conv_inst/s_axi_bresp_i[1]_i_1_n_0                            |                1 |              2 |         2.00 |
|  ecc_soc_bd_i/versal_cips_0/inst/pspmc_0/inst/pl0_ref_clk | ecc_soc_bd_i/smartconnect_0/inst/s00_entry_pipeline/s00_si_converter/inst/gen_axilite_conv.axilite_conv_inst/s_axi_rresp_i[1]_i_1_n_0                                         | ecc_soc_bd_i/smartconnect_0/inst/s00_entry_pipeline/s00_si_converter/inst/areset                                                                                 |                1 |              2 |         2.00 |
|  ecc_soc_bd_i/versal_cips_0/inst/pspmc_0/inst/pl0_ref_clk | ecc_soc_bd_i/smartconnect_0/inst/s00_entry_pipeline/s00_si_converter/inst/gen_axilite_conv.axilite_conv_inst/r_state[0]                                                       | ecc_soc_bd_i/smartconnect_0/inst/s00_entry_pipeline/s00_si_converter/inst/areset                                                                                 |                2 |              2 |         1.00 |
|  ecc_soc_bd_i/versal_cips_0/inst/pspmc_0/inst/pl0_ref_clk | ecc_soc_bd_i/soc_ecc_0/inst/u_soc/u_cpu/u_md/FSM_sequential_state[1]_i_2_n_0                                                                                                  | ecc_soc_bd_i/soc_ecc_0/inst/cpu_rst                                                                                                                              |                1 |              2 |         2.00 |
|  ecc_soc_bd_i/versal_cips_0/inst/pspmc_0/inst/pl0_ref_clk | ecc_soc_bd_i/soc_ecc_0/inst/u_soc/u_cpu/u_md/id_ex_reg[ctrl][is_csr][0]                                                                                                       | ecc_soc_bd_i/soc_ecc_0/inst/u_soc/u_cpu/u_md/SS[0]                                                                                                               |                1 |              2 |         2.00 |
|  ecc_soc_bd_i/versal_cips_0/inst/pspmc_0/inst/pl0_ref_clk |                                                                                                                                                                               | ecc_soc_bd_i/smartconnect_0/inst/s00_nodes/s00_w_node/inst/inst_mi_handler/areset_r                                                                              |                1 |              2 |         2.00 |
|  ecc_soc_bd_i/versal_cips_0/inst/pspmc_0/inst/pl0_ref_clk |                                                                                                                                                                               | ecc_soc_bd_i/smartconnect_0/inst/s00_nodes/s00_b_node/inst/inst_mi_handler/areset_r                                                                              |                1 |              2 |         2.00 |
|  ecc_soc_bd_i/versal_cips_0/inst/pspmc_0/inst/pl0_ref_clk |                                                                                                                                                                               | ecc_soc_bd_i/smartconnect_0/inst/s00_nodes/s00_ar_node/inst/inst_mi_handler/areset_r                                                                             |                1 |              2 |         2.00 |
|  ecc_soc_bd_i/versal_cips_0/inst/pspmc_0/inst/pl0_ref_clk |                                                                                                                                                                               | ecc_soc_bd_i/smartconnect_0/inst/m00_exit_pipeline/m00_exit/inst/exit_inst/gen_w_cmd_reg.aresetn_d_reg_n_0_[0]                                                   |                1 |              2 |         2.00 |
|  ecc_soc_bd_i/versal_cips_0/inst/pspmc_0/inst/pl0_ref_clk |                                                                                                                                                                               | ecc_soc_bd_i/smartconnect_0/inst/m00_exit_pipeline/m00_exit/inst/areset                                                                                          |                1 |              2 |         2.00 |
|  ecc_soc_bd_i/versal_cips_0/inst/pspmc_0/inst/pl0_ref_clk |                                                                                                                                                                               | ecc_soc_bd_i/smartconnect_0/inst/s00_entry_pipeline/s00_mmu/inst/areset_d                                                                                        |                1 |              2 |         2.00 |
|  ecc_soc_bd_i/versal_cips_0/inst/pspmc_0/inst/pl0_ref_clk |                                                                                                                                                                               | ecc_soc_bd_i/smartconnect_0/inst/s00_entry_pipeline/s00_transaction_regulator/inst/areset                                                                        |                1 |              2 |         2.00 |
|  ecc_soc_bd_i/versal_cips_0/inst/pspmc_0/inst/pl0_ref_clk |                                                                                                                                                                               | ecc_soc_bd_i/smartconnect_0/inst/s00_nodes/s00_aw_node/inst/inst_mi_handler/areset_r                                                                             |                1 |              2 |         2.00 |
|  ecc_soc_bd_i/versal_cips_0/inst/pspmc_0/inst/pl0_ref_clk |                                                                                                                                                                               | ecc_soc_bd_i/smartconnect_0/inst/s00_entry_pipeline/s00_transaction_regulator/inst/gen_endpoint.gen_w_singleorder.w_singleorder/gen_id_reg.aresetn_d_reg_n_0_[0] |                2 |              2 |         1.00 |
|  ecc_soc_bd_i/versal_cips_0/inst/pspmc_0/inst/pl0_ref_clk | ecc_soc_bd_i/smartconnect_0/inst/s00_entry_pipeline/s00_mmu/inst/aw_reg_stall/state                                                                                           | ecc_soc_bd_i/smartconnect_0/inst/s00_entry_pipeline/s00_mmu/inst/areset                                                                                          |                1 |              3 |         3.00 |
|  ecc_soc_bd_i/versal_cips_0/inst/pspmc_0/inst/pl0_ref_clk | ecc_soc_bd_i/soc_ecc_0/inst/u_soc/u_axil/FSM_onehot_wstate[2]_i_1_n_0                                                                                                         | ecc_soc_bd_i/proc_sys_reset_0/U0/peripheral_aresetn[0]                                                                                                           |                1 |              3 |         3.00 |
|  ecc_soc_bd_i/versal_cips_0/inst/pspmc_0/inst/pl0_ref_clk | ecc_soc_bd_i/smartconnect_0/inst/s00_entry_pipeline/s00_si_converter/inst/gen_axilite_conv.axilite_conv_inst/w_state[0]                                                       | ecc_soc_bd_i/smartconnect_0/inst/s00_entry_pipeline/s00_si_converter/inst/areset                                                                                 |                2 |              3 |         1.50 |
|  ecc_soc_bd_i/versal_cips_0/inst/pspmc_0/inst/pl0_ref_clk | ecc_soc_bd_i/smartconnect_0/inst/s00_entry_pipeline/s00_mmu/inst/gen_endpoint.decerr_slave_inst/gen_axi.gen_write.write_cs[0]                                                 | ecc_soc_bd_i/smartconnect_0/inst/s00_entry_pipeline/s00_mmu/inst/areset                                                                                          |                1 |              3 |         3.00 |
|  ecc_soc_bd_i/versal_cips_0/inst/pspmc_0/inst/pl0_ref_clk | ecc_soc_bd_i/smartconnect_0/inst/s00_entry_pipeline/s00_mmu/inst/ar_reg_stall/state                                                                                           | ecc_soc_bd_i/smartconnect_0/inst/s00_entry_pipeline/s00_mmu/inst/areset                                                                                          |                2 |              3 |         1.50 |
|  ecc_soc_bd_i/versal_cips_0/inst/pspmc_0/inst/pl0_ref_clk | ecc_soc_bd_i/smartconnect_0/inst/s00_entry_pipeline/s00_si_converter/inst/gen_axilite_conv.axilite_conv_inst/s_r_pointer[3]_i_1_n_0                                           | ecc_soc_bd_i/smartconnect_0/inst/s00_entry_pipeline/s00_si_converter/inst/areset                                                                                 |                2 |              4 |         2.00 |
|  ecc_soc_bd_i/versal_cips_0/inst/pspmc_0/inst/pl0_ref_clk |                                                                                                                                                                               | ecc_soc_bd_i/proc_sys_reset_0/U0/EXT_LPF/lpf_int                                                                                                                 |                1 |              4 |         4.00 |
|  ecc_soc_bd_i/versal_cips_0/inst/pspmc_0/inst/pl0_ref_clk | ecc_soc_bd_i/soc_ecc_0/inst/u_soc/u_scrub/FSM_onehot_inj_state[3]_i_1_n_0                                                                                                     | ecc_soc_bd_i/soc_ecc_0/inst/cpu_rst                                                                                                                              |                1 |              4 |         4.00 |
|  ecc_soc_bd_i/versal_cips_0/inst/pspmc_0/inst/pl0_ref_clk |                                                                                                                                                                               | ecc_soc_bd_i/smartconnect_0/inst/clk_map/psr_aclk/U0/EXT_LPF/lpf_int                                                                                             |                1 |              4 |         4.00 |
|  ecc_soc_bd_i/versal_cips_0/inst/pspmc_0/inst/pl0_ref_clk | ecc_soc_bd_i/smartconnect_0/inst/s00_entry_pipeline/s00_mmu/inst/ar_reg_stall/E[0]                                                                                            | ecc_soc_bd_i/smartconnect_0/inst/s00_entry_pipeline/s00_mmu/inst/areset                                                                                          |                1 |              4 |         4.00 |
|  ecc_soc_bd_i/versal_cips_0/inst/pspmc_0/inst/pl0_ref_clk | ecc_soc_bd_i/smartconnect_0/inst/s00_entry_pipeline/s00_si_converter/inst/gen_axilite_conv.axilite_conv_inst/w_pointer[3]_i_1_n_0                                             | ecc_soc_bd_i/smartconnect_0/inst/s00_entry_pipeline/s00_si_converter/inst/areset                                                                                 |                3 |              4 |         1.33 |
|  ecc_soc_bd_i/versal_cips_0/inst/pspmc_0/inst/pl0_ref_clk | ecc_soc_bd_i/soc_ecc_0/inst/u_soc/u_scrub/fsm/E[0]                                                                                                                            | ecc_soc_bd_i/soc_ecc_0/inst/cpu_rst                                                                                                                              |                1 |              4 |         4.00 |
|  ecc_soc_bd_i/versal_cips_0/inst/pspmc_0/inst/pl0_ref_clk | ecc_soc_bd_i/soc_ecc_0/inst/u_soc/u_scrub/fsm/ex_mem_reg[result][12][0]                                                                                                       |                                                                                                                                                                  |                2 |              5 |         2.50 |
|  ecc_soc_bd_i/versal_cips_0/inst/pspmc_0/inst/pl0_ref_clk | ecc_soc_bd_i/soc_ecc_0/inst/u_soc/u_scrub/inj_raddr[4]_i_1_n_0                                                                                                                |                                                                                                                                                                  |                2 |              5 |         2.50 |
|  ecc_soc_bd_i/versal_cips_0/inst/pspmc_0/inst/pl0_ref_clk | ecc_soc_bd_i/soc_ecc_0/inst/u_soc/u_scrub/fsm/raddr_i[4]_i_1_n_0                                                                                                              |                                                                                                                                                                  |                2 |              5 |         2.50 |
|  ecc_soc_bd_i/versal_cips_0/inst/pspmc_0/inst/pl0_ref_clk |                                                                                                                                                                               | ecc_soc_bd_i/proc_sys_reset_0/U0/peripheral_aresetn[0]                                                                                                           |                4 |              5 |         1.25 |
|  ecc_soc_bd_i/versal_cips_0/inst/pspmc_0/inst/pl0_ref_clk | ecc_soc_bd_i/smartconnect_0/inst/clk_map/psr_aclk/U0/SEQ/seq_cnt_en                                                                                                           | ecc_soc_bd_i/smartconnect_0/inst/clk_map/psr_aclk/U0/SEQ/seq_clr                                                                                                 |                1 |              6 |         6.00 |
|  ecc_soc_bd_i/versal_cips_0/inst/pspmc_0/inst/pl0_ref_clk | ecc_soc_bd_i/smartconnect_0/inst/s00_entry_pipeline/s00_si_converter/inst/gen_axilite_conv.axilite_conv_inst/aw_incr[0]                                                       | ecc_soc_bd_i/smartconnect_0/inst/s00_entry_pipeline/s00_si_converter/inst/areset                                                                                 |                3 |              6 |         2.00 |
|  ecc_soc_bd_i/versal_cips_0/inst/pspmc_0/inst/pl0_ref_clk | ecc_soc_bd_i/soc_ecc_0/inst/u_soc/u_scrub/fsm/FSM_onehot_state[5]_i_1_n_0                                                                                                     | ecc_soc_bd_i/soc_ecc_0/inst/cpu_rst                                                                                                                              |                1 |              6 |         6.00 |
|  ecc_soc_bd_i/versal_cips_0/inst/pspmc_0/inst/pl0_ref_clk | ecc_soc_bd_i/proc_sys_reset_0/U0/SEQ/seq_cnt_en                                                                                                                               | ecc_soc_bd_i/proc_sys_reset_0/U0/SEQ/seq_clr                                                                                                                     |                1 |              6 |         6.00 |
|  ecc_soc_bd_i/versal_cips_0/inst/pspmc_0/inst/pl0_ref_clk | ecc_soc_bd_i/soc_ecc_0/inst/u_soc/u_scrub/fsm/idx[5]_i_1_n_0                                                                                                                  | ecc_soc_bd_i/soc_ecc_0/inst/cpu_rst                                                                                                                              |                1 |              6 |         6.00 |
|  ecc_soc_bd_i/versal_cips_0/inst/pspmc_0/inst/pl0_ref_clk | ecc_soc_bd_i/soc_ecc_0/inst/u_soc/u_cpu/ex_mem_reg[result][4]_rep__0_4[0]                                                                                                     | ecc_soc_bd_i/soc_ecc_0/inst/cpu_rst                                                                                                                              |                5 |              7 |         1.40 |
|  ecc_soc_bd_i/versal_cips_0/inst/pspmc_0/inst/pl0_ref_clk | ecc_soc_bd_i/soc_ecc_0/inst/u_soc/u_mem/u_dma/FSM_onehot_state[4]_i_1_n_0                                                                                                     | ecc_soc_bd_i/proc_sys_reset_0/U0/peripheral_aresetn[0]                                                                                                           |                3 |              7 |         2.33 |
|  ecc_soc_bd_i/versal_cips_0/inst/pspmc_0/inst/pl0_ref_clk | ecc_soc_bd_i/smartconnect_0/inst/s00_entry_pipeline/s00_mmu/inst/gen_endpoint.decerr_slave_inst/gen_axi.gen_read.read_cnt[7]_i_1_n_0                                          | ecc_soc_bd_i/smartconnect_0/inst/s00_entry_pipeline/s00_mmu/inst/areset                                                                                          |                2 |              8 |         4.00 |
|  ecc_soc_bd_i/versal_cips_0/inst/pspmc_0/inst/pl0_ref_clk | ecc_soc_bd_i/smartconnect_0/inst/s00_entry_pipeline/s00_si_converter/inst/gen_axilite_conv.axilite_conv_inst/r_beats[7]_i_1_n_0                                               | ecc_soc_bd_i/smartconnect_0/inst/s00_entry_pipeline/s00_si_converter/inst/areset                                                                                 |                3 |              8 |         2.67 |
|  ecc_soc_bd_i/versal_cips_0/inst/pspmc_0/inst/pl0_ref_clk | ecc_soc_bd_i/smartconnect_0/inst/s00_entry_pipeline/s00_si_converter/inst/gen_axilite_conv.axilite_conv_inst/narrow_beats[0]                                                  | ecc_soc_bd_i/smartconnect_0/inst/s00_entry_pipeline/s00_si_converter/inst/areset                                                                                 |                1 |              8 |         8.00 |
|  ecc_soc_bd_i/versal_cips_0/inst/pspmc_0/inst/pl0_ref_clk | ecc_soc_bd_i/soc_ecc_0/inst/u_soc/u_mem/u_dma/beats[7]_i_1_n_0                                                                                                                |                                                                                                                                                                  |                4 |              8 |         2.00 |
|  ecc_soc_bd_i/versal_cips_0/inst/pspmc_0/inst/pl0_ref_clk | ecc_soc_bd_i/soc_ecc_0/inst/u_soc/u_axil/ddr_base_hi[0]                                                                                                                       | ecc_soc_bd_i/proc_sys_reset_0/U0/peripheral_aresetn[0]                                                                                                           |                3 |              8 |         2.67 |
|  ecc_soc_bd_i/versal_cips_0/inst/pspmc_0/inst/pl0_ref_clk | ecc_soc_bd_i/soc_ecc_0/inst/u_soc/u_cpu/ex_mem_reg[result][4]_rep__0_3[0]                                                                                                     | ecc_soc_bd_i/proc_sys_reset_0/U0/peripheral_aresetn[0]                                                                                                           |                2 |              9 |         4.50 |
|  ecc_soc_bd_i/versal_cips_0/inst/pspmc_0/inst/pl0_ref_clk | ecc_soc_bd_i/soc_ecc_0/inst/u_soc/u_mem/u_dma/burst_cnt[8]_i_1_n_0                                                                                                            |                                                                                                                                                                  |                5 |              9 |         1.80 |
|  ecc_soc_bd_i/versal_cips_0/inst/pspmc_0/inst/pl0_ref_clk |                                                                                                                                                                               | ecc_soc_bd_i/soc_ecc_0/inst/cpu_rst                                                                                                                              |                5 |              9 |         1.80 |
|  ecc_soc_bd_i/versal_cips_0/inst/pspmc_0/inst/pl0_ref_clk | ecc_soc_bd_i/soc_ecc_0/inst/u_soc/u_axil/araddr_q[0]                                                                                                                          |                                                                                                                                                                  |                3 |             10 |         3.33 |
|  ecc_soc_bd_i/versal_cips_0/inst/pspmc_0/inst/pl0_ref_clk |                                                                                                                                                                               | ecc_soc_bd_i/smartconnect_0/inst/s00_entry_pipeline/s00_mmu/inst/areset                                                                                          |                5 |             10 |         2.00 |
|  ecc_soc_bd_i/versal_cips_0/inst/pspmc_0/inst/pl0_ref_clk | ecc_soc_bd_i/smartconnect_0/inst/s00_entry_pipeline/s00_si_converter/inst/gen_axilite_conv.axilite_conv_inst/ar_cnt[9]_i_1_n_0                                                | ecc_soc_bd_i/smartconnect_0/inst/s00_entry_pipeline/s00_si_converter/inst/areset                                                                                 |                4 |             10 |         2.50 |
|  ecc_soc_bd_i/versal_cips_0/inst/pspmc_0/inst/pl0_ref_clk | ecc_soc_bd_i/smartconnect_0/inst/s00_nodes/s00_aw_node/inst/inst_mi_handler/gen_normal_area.inst_fifo_node_payld/gen_reg_fifo.inst_reg_fifo/gen_single_rank.data[156]_i_1_n_0 |                                                                                                                                                                  |                4 |             10 |         2.50 |
|  ecc_soc_bd_i/versal_cips_0/inst/pspmc_0/inst/pl0_ref_clk | ecc_soc_bd_i/smartconnect_0/inst/s00_nodes/s00_ar_node/inst/inst_mi_handler/gen_normal_area.inst_fifo_node_payld/gen_reg_fifo.inst_reg_fifo/gen_single_rank.data[156]_i_1_n_0 |                                                                                                                                                                  |                3 |             10 |         3.33 |
|  ecc_soc_bd_i/versal_cips_0/inst/pspmc_0/inst/pl0_ref_clk | ecc_soc_bd_i/smartconnect_0/inst/s00_entry_pipeline/s00_si_converter/inst/gen_axilite_conv.axilite_conv_inst/w_cnt[10]_i_1_n_0                                                | ecc_soc_bd_i/smartconnect_0/inst/s00_entry_pipeline/s00_si_converter/inst/areset                                                                                 |                1 |             11 |        11.00 |
|  ecc_soc_bd_i/versal_cips_0/inst/pspmc_0/inst/pl0_ref_clk | ecc_soc_bd_i/smartconnect_0/inst/s00_entry_pipeline/s00_si_converter/inst/gen_axilite_conv.axilite_conv_inst/s_buser[0]                                                       | ecc_soc_bd_i/smartconnect_0/inst/s00_entry_pipeline/s00_si_converter/inst/gen_axilite_conv.axilite_conv_inst/b_cnt[10]_i_1_n_0                                   |                2 |             11 |         5.50 |
|  ecc_soc_bd_i/versal_cips_0/inst/pspmc_0/inst/pl0_ref_clk | ecc_soc_bd_i/smartconnect_0/inst/s00_entry_pipeline/s00_si_converter/inst/gen_axilite_conv.axilite_conv_inst/ar_addr_d[11]_i_1_n_0                                            | ecc_soc_bd_i/smartconnect_0/inst/s00_entry_pipeline/s00_si_converter/inst/areset                                                                                 |                5 |             12 |         2.40 |
|  ecc_soc_bd_i/versal_cips_0/inst/pspmc_0/inst/pl0_ref_clk |                                                                                                                                                                               | ecc_soc_bd_i/smartconnect_0/inst/s00_entry_pipeline/s00_si_converter/inst/areset                                                                                 |                5 |             12 |         2.40 |
|  ecc_soc_bd_i/versal_cips_0/inst/pspmc_0/inst/pl0_ref_clk | ecc_soc_bd_i/smartconnect_0/inst/s00_entry_pipeline/s00_si_converter/inst/gen_axilite_conv.axilite_conv_inst/aw_addr[11]_i_1_n_0                                              | ecc_soc_bd_i/smartconnect_0/inst/s00_entry_pipeline/s00_si_converter/inst/areset                                                                                 |                6 |             12 |         2.00 |
|  ecc_soc_bd_i/versal_cips_0/inst/pspmc_0/inst/pl0_ref_clk | ecc_soc_bd_i/soc_ecc_0/inst/u_soc/u_scrub/bram/E[0]                                                                                                                           | ecc_soc_bd_i/soc_ecc_0/inst/cpu_rst                                                                                                                              |                8 |             14 |         1.75 |
|  ecc_soc_bd_i/versal_cips_0/inst/pspmc_0/inst/pl0_ref_clk | ecc_soc_bd_i/soc_ecc_0/inst/u_soc/u_scrub/fsm/first_a[0]                                                                                                                      | ecc_soc_bd_i/soc_ecc_0/inst/cpu_rst                                                                                                                              |                7 |             14 |         2.00 |
|  ecc_soc_bd_i/versal_cips_0/inst/pspmc_0/inst/pl0_ref_clk | ecc_soc_bd_i/soc_ecc_0/inst/u_soc/u_cpu/u_md/cnt[5]_i_1_n_0                                                                                                                   | ecc_soc_bd_i/soc_ecc_0/inst/u_soc/u_cpu/u_md/cnt[4]_i_1_n_0                                                                                                      |                3 |             15 |         5.00 |
|  ecc_soc_bd_i/versal_cips_0/inst/pspmc_0/inst/pl0_ref_clk | ecc_soc_bd_i/smartconnect_0/inst/s00_entry_pipeline/s00_transaction_regulator/inst/gen_endpoint.gen_r_singleorder.r_singleorder/gen_id_reg.s_rid_i0                           |                                                                                                                                                                  |                5 |             16 |         3.20 |
|  ecc_soc_bd_i/versal_cips_0/inst/pspmc_0/inst/pl0_ref_clk | ecc_soc_bd_i/smartconnect_0/inst/s00_entry_pipeline/s00_mmu/inst/gen_endpoint.decerr_slave_inst/gen_axi.gen_read.s_axi_rid_i[15]_i_1_n_0                                      | ecc_soc_bd_i/smartconnect_0/inst/s00_entry_pipeline/s00_mmu/inst/areset                                                                                          |                3 |             16 |         5.33 |
|  ecc_soc_bd_i/versal_cips_0/inst/pspmc_0/inst/pl0_ref_clk | ecc_soc_bd_i/smartconnect_0/inst/s00_entry_pipeline/s00_mmu/inst/gen_endpoint.decerr_slave_inst/gen_axi.gen_write.s_axi_bid_i[15]_i_1_n_0                                     | ecc_soc_bd_i/smartconnect_0/inst/s00_entry_pipeline/s00_mmu/inst/areset                                                                                          |                3 |             16 |         5.33 |
|  ecc_soc_bd_i/versal_cips_0/inst/pspmc_0/inst/pl0_ref_clk | ecc_soc_bd_i/smartconnect_0/inst/s00_entry_pipeline/s00_transaction_regulator/inst/gen_endpoint.gen_w_singleorder.w_singleorder/gen_id_reg.s_rid_i0                           |                                                                                                                                                                  |                5 |             16 |         3.20 |
|  ecc_soc_bd_i/versal_cips_0/inst/pspmc_0/inst/pl0_ref_clk | ecc_soc_bd_i/smartconnect_0/inst/s00_entry_pipeline/s00_si_converter/inst/gen_axilite_conv.axilite_conv_inst/m_r_pointer[1]_i_1_n_0                                           | ecc_soc_bd_i/smartconnect_0/inst/s00_entry_pipeline/s00_si_converter/inst/areset                                                                                 |                6 |             23 |         3.83 |
|  ecc_soc_bd_i/versal_cips_0/inst/pspmc_0/inst/pl0_ref_clk |                                                                                                                                                                               | ecc_soc_bd_i/smartconnect_0/inst/clk_map/psr_aclk/U0/interconnect_aresetn[0]                                                                                     |                5 |             27 |         5.40 |
|  ecc_soc_bd_i/versal_cips_0/inst/pspmc_0/inst/pl0_ref_clk | ecc_soc_bd_i/soc_ecc_0/inst/u_soc/u_cpu/ex_mem_reg[result][4]_rep__0_0[0]                                                                                                     | ecc_soc_bd_i/proc_sys_reset_0/U0/peripheral_aresetn[0]                                                                                                           |               14 |             31 |         2.21 |
|  ecc_soc_bd_i/versal_cips_0/inst/pspmc_0/inst/pl0_ref_clk | ecc_soc_bd_i/soc_ecc_0/inst/u_soc/u_cpu/ex_mem_reg[result][4]_rep_2                                                                                                           | ecc_soc_bd_i/soc_ecc_0/inst/cpu_rst                                                                                                                              |               16 |             31 |         1.94 |
|  ecc_soc_bd_i/versal_cips_0/inst/pspmc_0/inst/pl0_ref_clk | ecc_soc_bd_i/soc_ecc_0/inst/u_soc/u_cpu/ex_mem_reg[result][4]_rep__0_2[0]                                                                                                     | ecc_soc_bd_i/proc_sys_reset_0/U0/peripheral_aresetn[0]                                                                                                           |               12 |             31 |         2.58 |
|  ecc_soc_bd_i/versal_cips_0/inst/pspmc_0/inst/pl0_ref_clk | ecc_soc_bd_i/soc_ecc_0/inst/u_soc/u_cpu/ex_mem_reg[mem_we]_0[0]                                                                                                               | ecc_soc_bd_i/soc_ecc_0/inst/cpu_rst                                                                                                                              |               13 |             32 |         2.46 |
|  ecc_soc_bd_i/versal_cips_0/inst/pspmc_0/inst/pl0_ref_clk | ecc_soc_bd_i/soc_ecc_0/inst/u_soc/u_cpu/ex_mem_reg[result][2]_0[0]                                                                                                            | ecc_soc_bd_i/soc_ecc_0/inst/cpu_rst                                                                                                                              |                7 |             32 |         4.57 |
|  ecc_soc_bd_i/versal_cips_0/inst/pspmc_0/inst/pl0_ref_clk | ecc_soc_bd_i/soc_ecc_0/inst/u_soc/u_cpu/ex_mem_reg[result][2]_1[0]                                                                                                            | ecc_soc_bd_i/soc_ecc_0/inst/cpu_rst                                                                                                                              |               14 |             32 |         2.29 |
|  ecc_soc_bd_i/versal_cips_0/inst/pspmc_0/inst/pl0_ref_clk | ecc_soc_bd_i/soc_ecc_0/inst/u_soc/u_cpu/ex_mem_reg[result][2]_2[0]                                                                                                            | ecc_soc_bd_i/soc_ecc_0/inst/cpu_rst                                                                                                                              |               18 |             32 |         1.78 |
|  ecc_soc_bd_i/versal_cips_0/inst/pspmc_0/inst/pl0_ref_clk | ecc_soc_bd_i/soc_ecc_0/inst/u_soc/u_cpu/ex_mem_reg[result][2]_rep__0_1[0]                                                                                                     | ecc_soc_bd_i/soc_ecc_0/inst/cpu_rst                                                                                                                              |               11 |             32 |         2.91 |
|  ecc_soc_bd_i/versal_cips_0/inst/pspmc_0/inst/pl0_ref_clk | ecc_soc_bd_i/soc_ecc_0/inst/u_soc/u_cpu/u_md/id_ex_reg[valid]_1[0]                                                                                                            | ecc_soc_bd_i/soc_ecc_0/inst/cpu_rst                                                                                                                              |               20 |             32 |         1.60 |
|  ecc_soc_bd_i/versal_cips_0/inst/pspmc_0/inst/pl0_ref_clk | ecc_soc_bd_i/soc_ecc_0/inst/u_soc/u_cpu/u_md/id_ex_reg[valid]_0[0]                                                                                                            | ecc_soc_bd_i/soc_ecc_0/inst/cpu_rst                                                                                                                              |               21 |             32 |         1.52 |
|  ecc_soc_bd_i/versal_cips_0/inst/pspmc_0/inst/pl0_ref_clk | ecc_soc_bd_i/soc_ecc_0/inst/u_soc/u_cpu/ex_mem_reg[result][5]_rep_1[0]                                                                                                        | ecc_soc_bd_i/soc_ecc_0/inst/cpu_rst                                                                                                                              |               19 |             32 |         1.68 |
|  ecc_soc_bd_i/versal_cips_0/inst/pspmc_0/inst/pl0_ref_clk | ecc_soc_bd_i/soc_ecc_0/inst/u_soc/u_cpu/u_md/id_ex_reg[ctrl][csr_cmd][1]_2[0]                                                                                                 | ecc_soc_bd_i/soc_ecc_0/inst/cpu_rst                                                                                                                              |               21 |             32 |         1.52 |
|  ecc_soc_bd_i/versal_cips_0/inst/pspmc_0/inst/pl0_ref_clk | ecc_soc_bd_i/soc_ecc_0/inst/u_soc/u_cpu/ex_mem_reg[result][4]_rep_1[0]                                                                                                        | ecc_soc_bd_i/soc_ecc_0/inst/cpu_rst                                                                                                                              |               16 |             32 |         2.00 |
|  ecc_soc_bd_i/versal_cips_0/inst/pspmc_0/inst/pl0_ref_clk | ecc_soc_bd_i/soc_ecc_0/inst/u_soc/u_cpu/ex_mem_reg[result][5]_rep_3[0]                                                                                                        | ecc_soc_bd_i/soc_ecc_0/inst/cpu_rst                                                                                                                              |               17 |             32 |         1.88 |
|  ecc_soc_bd_i/versal_cips_0/inst/pspmc_0/inst/pl0_ref_clk | ecc_soc_bd_i/soc_ecc_0/inst/u_soc/u_cpu/u_md/id_ex_reg[ctrl][csr_cmd][1]_1[0]                                                                                                 | ecc_soc_bd_i/soc_ecc_0/inst/cpu_rst                                                                                                                              |               30 |             32 |         1.07 |
|  ecc_soc_bd_i/versal_cips_0/inst/pspmc_0/inst/pl0_ref_clk | ecc_soc_bd_i/soc_ecc_0/inst/u_soc/u_cpu/u_md/id_ex_reg[ctrl][csr_cmd][1]_0[0]                                                                                                 | ecc_soc_bd_i/soc_ecc_0/inst/cpu_rst                                                                                                                              |               30 |             32 |         1.07 |
|  ecc_soc_bd_i/versal_cips_0/inst/pspmc_0/inst/pl0_ref_clk | ecc_soc_bd_i/soc_ecc_0/inst/u_soc/u_cpu/ex_mem_reg[result][5]_rep_2[0]                                                                                                        | ecc_soc_bd_i/soc_ecc_0/inst/cpu_rst                                                                                                                              |               19 |             32 |         1.68 |
|  ecc_soc_bd_i/versal_cips_0/inst/pspmc_0/inst/pl0_ref_clk | ecc_soc_bd_i/smartconnect_0/inst/s00_nodes/s00_r_node/inst/inst_mi_handler/gen_normal_area.inst_fifo_node_payld/gen_reg_fifo.inst_reg_fifo/gen_single_rank.data[50]_i_1_n_0   |                                                                                                                                                                  |               10 |             32 |         3.20 |
|  ecc_soc_bd_i/versal_cips_0/inst/pspmc_0/inst/pl0_ref_clk | ecc_soc_bd_i/soc_ecc_0/inst/u_soc/u_scrub/fsm/ded_r[31]_i_1_n_0                                                                                                               | ecc_soc_bd_i/soc_ecc_0/inst/cpu_rst                                                                                                                              |                5 |             32 |         6.40 |
|  ecc_soc_bd_i/versal_cips_0/inst/pspmc_0/inst/pl0_ref_clk | ecc_soc_bd_i/soc_ecc_0/inst/u_soc/u_scrub/fsm/ce_r[31]_i_1_n_0                                                                                                                | ecc_soc_bd_i/soc_ecc_0/inst/cpu_rst                                                                                                                              |                9 |             32 |         3.56 |
|  ecc_soc_bd_i/versal_cips_0/inst/pspmc_0/inst/pl0_ref_clk | ecc_soc_bd_i/soc_ecc_0/inst/u_soc/u_axil/rdata_q[31]_i_1_n_0                                                                                                                  |                                                                                                                                                                  |               10 |             32 |         3.20 |
|  ecc_soc_bd_i/versal_cips_0/inst/pspmc_0/inst/pl0_ref_clk | ecc_soc_bd_i/smartconnect_0/inst/s00_entry_pipeline/s00_si_converter/inst/gen_axilite_conv.axilite_conv_inst/s_axi_rdata_i[95]_i_1_n_0                                        | ecc_soc_bd_i/smartconnect_0/inst/s00_entry_pipeline/s00_si_converter/inst/areset                                                                                 |               12 |             32 |         2.67 |
|  ecc_soc_bd_i/versal_cips_0/inst/pspmc_0/inst/pl0_ref_clk | ecc_soc_bd_i/smartconnect_0/inst/s00_entry_pipeline/s00_si_converter/inst/gen_axilite_conv.axilite_conv_inst/s_axi_rdata_i[63]_i_1_n_0                                        | ecc_soc_bd_i/smartconnect_0/inst/s00_entry_pipeline/s00_si_converter/inst/areset                                                                                 |               12 |             32 |         2.67 |
|  ecc_soc_bd_i/versal_cips_0/inst/pspmc_0/inst/pl0_ref_clk | ecc_soc_bd_i/soc_ecc_0/inst/u_soc/u_axil/ctrl_reg[0]                                                                                                                          | ecc_soc_bd_i/proc_sys_reset_0/U0/peripheral_aresetn[0]                                                                                                           |               11 |             32 |         2.91 |
|  ecc_soc_bd_i/versal_cips_0/inst/pspmc_0/inst/pl0_ref_clk | ecc_soc_bd_i/soc_ecc_0/inst/u_soc/u_axil/ddr_base_lo[0]                                                                                                                       | ecc_soc_bd_i/proc_sys_reset_0/U0/peripheral_aresetn[0]                                                                                                           |               10 |             32 |         3.20 |
|  ecc_soc_bd_i/versal_cips_0/inst/pspmc_0/inst/pl0_ref_clk | ecc_soc_bd_i/smartconnect_0/inst/s00_entry_pipeline/s00_si_converter/inst/gen_axilite_conv.axilite_conv_inst/s_axi_rdata_i[31]_i_1_n_0                                        | ecc_soc_bd_i/smartconnect_0/inst/s00_entry_pipeline/s00_si_converter/inst/areset                                                                                 |               11 |             32 |         2.91 |
|  ecc_soc_bd_i/versal_cips_0/inst/pspmc_0/inst/pl0_ref_clk | ecc_soc_bd_i/smartconnect_0/inst/s00_entry_pipeline/s00_si_converter/inst/gen_axilite_conv.axilite_conv_inst/s_axi_rdata_i[127]_i_1_n_0                                       | ecc_soc_bd_i/smartconnect_0/inst/s00_entry_pipeline/s00_si_converter/inst/areset                                                                                 |               11 |             32 |         2.91 |
|  ecc_soc_bd_i/versal_cips_0/inst/pspmc_0/inst/pl0_ref_clk | ecc_soc_bd_i/soc_ecc_0/inst/u_soc/u_cpu/ex_mem_reg[result][6]_0[0]                                                                                                            | ecc_soc_bd_i/soc_ecc_0/inst/cpu_rst                                                                                                                              |                5 |             32 |         6.40 |
|  ecc_soc_bd_i/versal_cips_0/inst/pspmc_0/inst/pl0_ref_clk | ecc_soc_bd_i/soc_ecc_0/inst/u_soc/u_cpu/ex_mem_reg[result][5]_rep__0_3[0]                                                                                                     | ecc_soc_bd_i/soc_ecc_0/inst/cpu_rst                                                                                                                              |               23 |             32 |         1.39 |
|  ecc_soc_bd_i/versal_cips_0/inst/pspmc_0/inst/pl0_ref_clk | ecc_soc_bd_i/soc_ecc_0/inst/u_soc/u_cpu/u_md/result_r[31]_i_1_n_0                                                                                                             |                                                                                                                                                                  |               19 |             32 |         1.68 |
|  ecc_soc_bd_i/versal_cips_0/inst/pspmc_0/inst/pl0_ref_clk | ecc_soc_bd_i/soc_ecc_0/inst/u_soc/u_cpu/u_md/E[0]                                                                                                                             | ecc_soc_bd_i/soc_ecc_0/inst/cpu_rst                                                                                                                              |               15 |             32 |         2.13 |
|  ecc_soc_bd_i/versal_cips_0/inst/pspmc_0/inst/pl0_ref_clk | ecc_soc_bd_i/soc_ecc_0/inst/u_soc/u_cpu/u_md/id_ex_reg[ctrl][csr_cmd][1][0]                                                                                                   | ecc_soc_bd_i/soc_ecc_0/inst/cpu_rst                                                                                                                              |               23 |             32 |         1.39 |
|  ecc_soc_bd_i/versal_cips_0/inst/pspmc_0/inst/pl0_ref_clk | ecc_soc_bd_i/soc_ecc_0/inst/u_soc/u_cpu/u_md/op_r[2]_i_1_n_0                                                                                                                  |                                                                                                                                                                  |               21 |             35 |         1.67 |
|  ecc_soc_bd_i/versal_cips_0/inst/pspmc_0/inst/pl0_ref_clk | ecc_soc_bd_i/soc_ecc_0/inst/u_soc/u_cpu/u_md/r_neg_i_1_n_0                                                                                                                    |                                                                                                                                                                  |               13 |             36 |         2.77 |
|  ecc_soc_bd_i/versal_cips_0/inst/pspmc_0/inst/pl0_ref_clk | ecc_soc_bd_i/smartconnect_0/inst/s00_nodes/s00_w_node/inst/inst_mi_handler/gen_normal_area.inst_fifo_node_payld/gen_reg_fifo.inst_reg_fifo/gen_single_rank.data[51]_i_1_n_0   |                                                                                                                                                                  |               11 |             36 |         3.27 |
|  ecc_soc_bd_i/versal_cips_0/inst/pspmc_0/inst/pl0_ref_clk | ecc_soc_bd_i/soc_ecc_0/inst/u_soc/u_cpu/u_md/wbh_we0                                                                                                                          | ecc_soc_bd_i/soc_ecc_0/inst/cpu_rst                                                                                                                              |               11 |             38 |         3.45 |
|  ecc_soc_bd_i/versal_cips_0/inst/pspmc_0/inst/pl0_ref_clk | ecc_soc_bd_i/soc_ecc_0/inst/u_soc/u_scrub/FSM_onehot_win_state_reg[3]_0[0]                                                                                                    | ecc_soc_bd_i/soc_ecc_0/inst/cpu_rst                                                                                                                              |               15 |             39 |         2.60 |
|  ecc_soc_bd_i/versal_cips_0/inst/pspmc_0/inst/pl0_ref_clk | ecc_soc_bd_i/smartconnect_0/inst/s00_entry_pipeline/s00_mmu/inst/aw_reg_stall/skid_buffer[1136]_i_1__0_n_0                                                                    |                                                                                                                                                                  |               15 |             43 |         2.87 |
|  ecc_soc_bd_i/versal_cips_0/inst/pspmc_0/inst/pl0_ref_clk | ecc_soc_bd_i/smartconnect_0/inst/s00_entry_pipeline/s00_mmu/inst/aw_reg_stall/m_vector_i[0]                                                                                   |                                                                                                                                                                  |               11 |             43 |         3.91 |
|  ecc_soc_bd_i/versal_cips_0/inst/pspmc_0/inst/pl0_ref_clk | ecc_soc_bd_i/smartconnect_0/inst/s00_entry_pipeline/s00_mmu/inst/ar_reg_stall/m_vector_i[0]                                                                                   |                                                                                                                                                                  |                9 |             43 |         4.78 |
|  ecc_soc_bd_i/versal_cips_0/inst/pspmc_0/inst/pl0_ref_clk | ecc_soc_bd_i/smartconnect_0/inst/s00_entry_pipeline/s00_mmu/inst/ar_reg_stall/skid_buffer[1136]_i_1_n_0                                                                       |                                                                                                                                                                  |               10 |             43 |         4.30 |
|  ecc_soc_bd_i/versal_cips_0/inst/pspmc_0/inst/pl0_ref_clk | ecc_soc_bd_i/soc_ecc_0/inst/u_soc/u_cpu/E[0]                                                                                                                                  |                                                                                                                                                                  |               17 |             44 |         2.59 |
|  ecc_soc_bd_i/versal_cips_0/inst/pspmc_0/inst/pl0_ref_clk | ecc_soc_bd_i/soc_ecc_0/inst/u_soc/u_scrub/inj_wdata[0]                                                                                                                        |                                                                                                                                                                  |               20 |             44 |         2.20 |
|  ecc_soc_bd_i/versal_cips_0/inst/pspmc_0/inst/pl0_ref_clk | ecc_soc_bd_i/soc_ecc_0/inst/u_soc/u_cpu/ex_mem_reg[result][2]_3[0]                                                                                                            |                                                                                                                                                                  |               17 |             44 |         2.59 |
|  ecc_soc_bd_i/versal_cips_0/inst/pspmc_0/inst/pl0_ref_clk | ecc_soc_bd_i/soc_ecc_0/inst/u_soc/u_scrub/fsm/waddr_i[4]_i_1_n_0                                                                                                              |                                                                                                                                                                  |               22 |             44 |         2.00 |
|  ecc_soc_bd_i/versal_cips_0/inst/pspmc_0/inst/pl0_ref_clk | ecc_soc_bd_i/soc_ecc_0/inst/u_soc/u_axil/wstrb_q[3]_i_1_n_0                                                                                                                   |                                                                                                                                                                  |               15 |             46 |         3.07 |
|  ecc_soc_bd_i/versal_cips_0/inst/pspmc_0/inst/pl0_ref_clk | ecc_soc_bd_i/soc_ecc_0/inst/u_soc/u_scrub/fsm/b_we                                                                                                                            |                                                                                                                                                                  |                3 |             48 |        16.00 |
|  ecc_soc_bd_i/versal_cips_0/inst/pspmc_0/inst/pl0_ref_clk | ecc_soc_bd_i/soc_ecc_0/inst/u_soc/u_cpu/u_md/cnt[5]_i_1_n_0                                                                                                                   |                                                                                                                                                                  |               19 |             55 |         2.89 |
|  ecc_soc_bd_i/versal_cips_0/inst/pspmc_0/inst/pl0_ref_clk | ecc_soc_bd_i/smartconnect_0/inst/s00_entry_pipeline/s00_si_converter/inst/gen_axilite_conv.axilite_conv_inst/m_aruser[0]                                                      | ecc_soc_bd_i/smartconnect_0/inst/s00_entry_pipeline/s00_si_converter/inst/areset                                                                                 |               12 |             57 |         4.75 |
|  ecc_soc_bd_i/versal_cips_0/inst/pspmc_0/inst/pl0_ref_clk | ecc_soc_bd_i/soc_ecc_0/inst/u_soc/u_cpu/u_md/prod[22]_i_1_n_0                                                                                                                 |                                                                                                                                                                  |               22 |             64 |         2.91 |
|  ecc_soc_bd_i/versal_cips_0/inst/pspmc_0/inst/pl0_ref_clk | ecc_soc_bd_i/soc_ecc_0/inst/u_soc/u_mem/u_dma/ddr_addr[39]_i_1_n_0                                                                                                            |                                                                                                                                                                  |               16 |             65 |         4.06 |
|  ecc_soc_bd_i/versal_cips_0/inst/pspmc_0/inst/pl0_ref_clk | ecc_soc_bd_i/soc_ecc_0/inst/u_soc/u_mem/u_dma/loc_idx_reg[7]_0                                                                                                                |                                                                                                                                                                  |               10 |             80 |         8.00 |
|  ecc_soc_bd_i/versal_cips_0/inst/pspmc_0/inst/pl0_ref_clk | ecc_soc_bd_i/soc_ecc_0/inst/u_soc/u_mem/u_dma/loc_idx_reg[6]_0                                                                                                                |                                                                                                                                                                  |               10 |             80 |         8.00 |
|  ecc_soc_bd_i/versal_cips_0/inst/pspmc_0/inst/pl0_ref_clk | ecc_soc_bd_i/soc_ecc_0/inst/u_soc/u_mem/u_dma/loc_idx_reg[7]_1                                                                                                                |                                                                                                                                                                  |               10 |             80 |         8.00 |
|  ecc_soc_bd_i/versal_cips_0/inst/pspmc_0/inst/pl0_ref_clk | ecc_soc_bd_i/soc_ecc_0/inst/u_soc/u_mem/u_dma/loc_idx_reg[7]_2                                                                                                                |                                                                                                                                                                  |               10 |             80 |         8.00 |
|  ecc_soc_bd_i/versal_cips_0/inst/pspmc_0/inst/pl0_ref_clk | ecc_soc_bd_i/soc_ecc_0/inst/u_soc/u_cpu/u_rf/p_0_in1_out                                                                                                                      |                                                                                                                                                                  |                5 |             80 |        16.00 |
|  ecc_soc_bd_i/versal_cips_0/inst/pspmc_0/inst/pl0_ref_clk | ecc_soc_bd_i/soc_ecc_0/inst/u_soc/u_axil/pc_reg[9]_1                                                                                                                          |                                                                                                                                                                  |               10 |             80 |         8.00 |
|  ecc_soc_bd_i/versal_cips_0/inst/pspmc_0/inst/pl0_ref_clk | ecc_soc_bd_i/soc_ecc_0/inst/u_soc/u_axil/pc_reg[9]_0                                                                                                                          |                                                                                                                                                                  |               10 |             80 |         8.00 |
|  ecc_soc_bd_i/versal_cips_0/inst/pspmc_0/inst/pl0_ref_clk | ecc_soc_bd_i/soc_ecc_0/inst/u_soc/u_axil/pc_reg[9]                                                                                                                            |                                                                                                                                                                  |               10 |             80 |         8.00 |
|  ecc_soc_bd_i/versal_cips_0/inst/pspmc_0/inst/pl0_ref_clk | ecc_soc_bd_i/soc_ecc_0/inst/u_soc/u_axil/pc_reg[8]                                                                                                                            |                                                                                                                                                                  |               10 |             80 |         8.00 |
|  ecc_soc_bd_i/versal_cips_0/inst/pspmc_0/inst/pl0_ref_clk | ecc_soc_bd_i/soc_ecc_0/inst/u_soc/u_cpu/u_md/E[0]                                                                                                                             | ecc_soc_bd_i/soc_ecc_0/inst/u_soc/u_cpu/u_md/SR[0]                                                                                                               |               15 |             94 |         6.27 |
|  ecc_soc_bd_i/versal_cips_0/inst/pspmc_0/inst/pl0_ref_clk |                                                                                                                                                                               | ecc_soc_bd_i/soc_ecc_0/inst/u_soc/u_axil/SR[0]                                                                                                                   |               16 |            104 |         6.50 |
|  ecc_soc_bd_i/versal_cips_0/inst/pspmc_0/inst/pl0_ref_clk | ecc_soc_bd_i/soc_ecc_0/inst/u_soc/u_cpu/u_csr/ex_mem_reg[result][12]                                                                                                          | ecc_soc_bd_i/soc_ecc_0/inst/u_soc/u_cpu/u_md/ex_mem[pc4][0]                                                                                                      |               22 |            118 |         5.36 |
|  ecc_soc_bd_i/versal_cips_0/inst/pspmc_0/inst/pl0_ref_clk |                                                                                                                                                                               |                                                                                                                                                                  |               37 |            162 |         4.38 |
|  ecc_soc_bd_i/versal_cips_0/inst/pspmc_0/inst/pl0_ref_clk | ecc_soc_bd_i/soc_ecc_0/inst/u_soc/u_cpu/u_md/id_ex[ctrl][alu_op][0]                                                                                                           | ecc_soc_bd_i/soc_ecc_0/inst/u_soc/u_cpu/u_md/ex_mem_reg[result][12]_0[0]                                                                                         |               44 |            209 |         4.75 |
+-----------------------------------------------------------+-------------------------------------------------------------------------------------------------------------------------------------------------------------------------------+------------------------------------------------------------------------------------------------------------------------------------------------------------------+------------------+----------------+--------------+


