Copyright 1986-2022 Xilinx, Inc. All Rights Reserved. Copyright 2022-2026 Advanced Micro Devices, Inc. All Rights Reserved.
---------------------------------------------------------------------------------------------------------------------------------------------
| Tool Version : Vivado v.2025.2.1 (lin64) Build 6403652 Thu Mar 19 13:47:00 MDT 2026
| Date         : Sun Aug  9 05:54:12 2026
| Host         : adrian running 64-bit Ubuntu 24.04.4 LTS
| Command      : report_utilization -file place_report_utilization_0.rpt -pb place_report_utilization_0.pb
| Design       : ecc_soc_bd_wrapper
| Device       : xcve2302-sfva784-1LP-e-S
| Speed File   : -1LP
| Design State : Fully Placed
---------------------------------------------------------------------------------------------------------------------------------------------

Utilization Design Information

Table of Contents
-----------------
1. Netlist Logic
2. CLB Distribution
3. BLOCKRAM
4. ARITHMETIC
5. I/O
6. CLOCK
7. NOC Interfaces
8. AI Engines
9. ADVANCED
10. Primitives
11. Black Boxes
12. Instantiated Netlists

1. Netlist Logic
----------------

+----------------------------+------+-------+------------+-----------+-------+
|          Site Type         | Used | Fixed | Prohibited | Available | Util% |
+----------------------------+------+-------+------------+-----------+-------+
| Registers                  | 3003 |     0 |          0 |    300544 |  1.00 |
|   Register as Flip Flop    | 3003 |     0 |          0 |    300544 |  1.00 |
|   Register as Latch        |    0 |     0 |          0 |    300544 |  0.00 |
| CLB LUTs                   | 4507 |     0 |          0 |    150272 |  3.00 |
|   LUT as Logic             | 3801 |     0 |          0 |    150272 |  2.53 |
|   LUT as Memory            |  706 |     0 |          0 |     75136 |  0.94 |
|     LUT as Distributed RAM |  704 |     0 |            |           |       |
|     LUT as Shift Register  |    2 |     0 |            |           |       |
|       Variable Length SRL  |    0 |     0 |            |           |       |
|       Fixed Length SRL     |    2 |     0 |            |           |       |
| LOOKAHEAD8                 |   79 |     0 |          0 |     18784 |  0.42 |
| Unique Control Sets        |  137 |       |          0 |     37568 |  0.36 |
+----------------------------+------+-------+------------+-----------+-------+
* Warning! LUT value is adjusted to account for LUT combining.
** Note: Available Control Sets calculated as Slices * 2, Review the Control Sets Report for more information regarding control sets.


2. CLB Distribution
-------------------

+-----------------------------------------------+------+-------+------------+-----------+-------+
|                   Site Type                   | Used | Fixed | Prohibited | Available | Util% |
+-----------------------------------------------+------+-------+------------+-----------+-------+
| SLICE                                         |  767 |     0 |          0 |     18784 |  4.08 |
|   SLICEL                                      |  387 |     0 |            |           |       |
|   SLICEM                                      |  380 |     0 |            |           |       |
|      using Distributed RAM or Shift Registers |   90 |     0 |            |           |       |
| CLB LUTs                                      | 4507 |     0 |          0 |    150272 |  3.00 |
|    using CASCADE                              |  585 |     0 |            |           |       |
|   LUT as Logic                                | 3801 |     0 |          0 |    150272 |  2.53 |
|     single output                             | 2085 |       |            |           |       |
|     dual output                               | 1716 |       |            |           |       |
|   LUT as Memory                               |  706 |     0 |          0 |     75136 |  0.94 |
|     LUT as Distributed RAM                    |  704 |     0 |            |           |       |
|       single output                           |  640 |       |            |           |       |
|       dual output                             |   64 |       |            |           |       |
|     LUT as Shift Register                     |    2 |     0 |            |           |       |
|       single output                           |    2 |       |            |           |       |
|       dual output                             |    0 |       |            |           |       |
| CLB Registers                                 | 3003 |     0 |          0 |    300544 |  1.00 |
|   Register driven from within the CLB         | 1280 |       |            |           |       |
|   Register driven from outside the CLB        | 1723 |       |            |           |       |
|     LUT in front of the register is unused    |  842 |       |            |           |       |
|     LUT in front of the register is used      |  881 |       |            |           |       |
| CLB Imux registers                            |    0 |     0 |            |           |       |
|   Pipelining                                  |    0 |       |            |           |       |
+-----------------------------------------------+------+-------+------------+-----------+-------+


3. BLOCKRAM
-----------

+--------------------------+------+-------+------------+-----------+--------+
|         Site Type        | Used | Fixed | Prohibited | Available |  Util% |
+--------------------------+------+-------+------------+-----------+--------+
| Block RAM Tile           |    0 |     0 |          0 |       155 |   0.00 |
|   RAMB36E5               |    0 |     0 |          0 |       155 |   0.00 |
|   RAMB18E5*              |    0 |     0 |          0 |       310 |   0.00 |
| Block RAM Imux registers |    0 |     0 |            |           |        |
|   Pipelining             |    0 |       |            |           |        |
| URAM                     |    0 |     0 |          0 |       155 |   0.00 |
| URAM Imux registers      |    0 |     0 |            |           |        |
|   Pipelining             |    0 |       |            |           |        |
| XRAM                     |    1 |     0 |          0 |         1 | 100.00 |
+--------------------------+------+-------+------------+-----------+--------+
* Note: Each RAMB18 is counted as 0.5 Block RAM tiles


4. ARITHMETIC
-------------

+--------------------+------+-------+------------+-----------+-------+
|      Site Type     | Used | Fixed | Prohibited | Available | Util% |
+--------------------+------+-------+------------+-----------+-------+
| DSP Slices         |    3 |     0 |          0 |       464 |  0.65 |
|   DSP58            |    3 |     0 |            |           |       |
|   DSPCPLX          |    0 |     0 |            |           |       |
|   DSPFP32          |    0 |     0 |            |           |       |
|   DSP48E5          |    0 |     0 |            |           |       |
| DSP Imux registers |    0 |     0 |            |           |       |
|   Pipelining       |    0 |       |            |           |       |
+--------------------+------+-------+------------+-----------+-------+


5. I/O
------

+------------+------+-------+------------+-----------+-------+
|  Site Type | Used | Fixed | Prohibited | Available | Util% |
+------------+------+-------+------------+-----------+-------+
| Bonded IOB |  117 |   117 |          0 |       238 | 49.16 |
|   XPIO IOB |  117 |   117 |          0 |       216 | 54.17 |
|     INPUT  |    2 |       |            |           |       |
|     OUTPUT |   27 |       |            |           |       |
|     BIDIR  |   88 |       |            |           |       |
|   HDIO IOB |    0 |     0 |          0 |        22 |  0.00 |
+------------+------+-------+------------+-----------+-------+
* Note: Refer to report_io for information on MIO pins.


6. CLOCK
--------

+------------------------+------+-------+------------+-----------+-------+
|        Site Type       | Used | Fixed | Prohibited | Available | Util% |
+------------------------+------+-------+------------+-----------+-------+
| BUFGCE_DIV/MBUFGCE_DIV |    0 |     0 |          0 |         8 |  0.00 |
| BUFG_PS/MBUFG_PS       |    1 |     0 |          0 |        12 |  8.33 |
| BUFG_GT/MBUFG_GT       |    0 |     0 |          0 |        48 |  0.00 |
| BUFGCE/MBUFGCE         |    0 |     0 |          0 |       100 |  0.00 |
| BUFGCTRL/MBUFGCTRL*    |    0 |     0 |          0 |        16 |  0.00 |
| BUFG_FABRIC            |    0 |     0 |          0 |        72 |  0.00 |
| DPLL                   |    0 |     0 |          0 |         8 |  0.00 |
| XPLL                   |    3 |     3 |          0 |         8 | 37.50 |
| MMCM                   |    0 |     0 |          0 |         4 |  0.00 |
+------------------------+------+-------+------------+-----------+-------+
* Note: Each used BUFGCTRL/MBUFGCTRL counts as two GLOBAL CLOCK BUFFERs. This table does not include global clocking resources, only buffer cell usage. See the Clock Utilization Report (report_clock_utilization) for detailed accounting of global clocking resource availability.


7. NOC Interfaces
-----------------

+--------------------+------+-------+------------+-----------+-------+
|      Site Type     | Used | Fixed | Prohibited | Available | Util% |
+--------------------+------+-------+------------+-----------+-------+
| NOC Master 512 bit |    1 |     0 |          0 |         5 | 20.00 |
| NOC Slave 512 bit  |    0 |     0 |          0 |         5 |  0.00 |
| NOC Master 128 bit |    6 |     6 |          0 |        16 | 37.50 |
| NOC Slave 128 bit  |    0 |     0 |          0 |        12 |  0.00 |
+--------------------+------+-------+------------+-----------+-------+


8. AI Engines
-------------

+------------------+------+-------+------------+-----------+-------+
|     Site Type    | Used | Fixed | Prohibited | Available | Util% |
+------------------+------+-------+------------+-----------+-------+
| AI ML Engines    |    0 |     0 |          0 |        34 |  0.00 |
| AI ML PL Master  |    0 |     0 |          0 |        72 |  0.00 |
| AI ML PL Slave   |    0 |     0 |          0 |        96 |  0.00 |
| AI ML NOC Master |    0 |     0 |          0 |         6 |  0.00 |
| AI ML NOC Slave  |    0 |     0 |          0 |         6 |  0.00 |
+------------------+------+-------+------------+-----------+-------+


9. ADVANCED
-----------

+--------------------+------+-------+------------+-----------+--------+
|      Site Type     | Used | Fixed | Prohibited | Available |  Util% |
+--------------------+------+-------+------------+-----------+--------+
| DDRMC              |    1 |     1 |          0 |         1 | 100.00 |
| DDRMC_RIU          |    1 |     1 |          0 |         1 | 100.00 |
| GTYP_QUAD          |    0 |     0 |          0 |         2 |   0.00 |
| MRMAC              |    0 |     0 |          0 |         1 |   0.00 |
| NPI_NIR            |    0 |     0 |          0 |         1 |   0.00 |
| OBUFDS_GTE5        |    0 |     0 |          0 |         4 |   0.00 |
| OBUFDS_GTE5_ADV    |    0 |     0 |          0 |         4 |   0.00 |
| OBUFTDS_COMP       |    0 |     0 |          0 |       108 |   0.00 |
| PCIE50E5           |    0 |     0 |          0 |         1 |   0.00 |
| PS9                |    1 |     1 |          0 |         1 | 100.00 |
| BLI Registers      |    0 |     0 |          0 |     20296 |   0.00 |
| BLI Imux Registers |    0 |     0 |            |           |        |
|   Pipelining       |    0 |     0 |            |           |        |
| ADVANCED Imux      |    0 |     0 |            |           |        |
+--------------------+------+-------+------------+-----------+--------+


10. Primitives
--------------

+------------+------+---------------------+
|  Ref Name  | Used | Functional Category |
+------------+------+---------------------+
| FDRE       | 2946 |            Register |
| LUT6       | 1452 |                 CLB |
| LUT5       |  926 |                 CLB |
| LUT4       |  701 |                 CLB |
| LUT3       |  661 |                 CLB |
| RAMD64E5   |  640 |                 CLB |
| LUTCY2     |  598 |                 CLB |
| LUTCY1     |  598 |                 CLB |
| LUT2       |  547 |                 CLB |
| RAMD32     |  110 |                 CLB |
| LOOKAHEAD8 |   79 |                 CLB |
| IOBUF      |   72 |                 I/O |
| LUT1       |   34 |                 CLB |
| FDSE       |   30 |            Register |
| FDCE       |   27 |            Register |
| OBUF       |   25 |                 I/O |
| XPHY       |   21 |                 I/O |
| RAMS32     |   18 |                 CLB |
| XPIO_VREF  |   16 |                 I/O |
| IOBUFDS    |    8 |                 I/O |
| NOC_NMU128 |    6 |            Advanced |
| XPLL       |    3 |               Clock |
| DSP58      |    3 |          Arithmetic |
| SRL16E     |    2 |                 CLB |
| XRAM       |    1 |                XRAM |
| PS9        |    1 |            Advanced |
| OBUFDS     |    1 |                 I/O |
| NOC_NMU512 |    1 |            Advanced |
| IBUFDS     |    1 |                 I/O |
| DDRMC_RIU  |    1 |            Advanced |
| DDRMC      |    1 |            Advanced |
| BUFG_PS    |    1 |               Clock |
+------------+------+---------------------+


11. Black Boxes
---------------

+----------+------+
| Ref Name | Used |
+----------+------+


12. Instantiated Netlists
-------------------------

+-------------------------------+------+
|            Ref Name           | Used |
+-------------------------------+------+
| ecc_soc_bd_soc_ecc_0_0        |    1 |
| ecc_soc_bd_smartconnect_0_0   |    1 |
| ecc_soc_bd_proc_sys_reset_0_0 |    1 |
| ecc_soc_bd_axi_noc_0_0        |    1 |
+-------------------------------+------+


