Copyright 1986-2022 Xilinx, Inc. All Rights Reserved. Copyright 2022-2026 Advanced Micro Devices, Inc. All Rights Reserved.
---------------------------------------------------------------------------------------------------------------------------------------------
| Tool Version : Vivado v.2025.2.1 (lin64) Build 6403652 Thu Mar 19 13:47:00 MDT 2026
| Date         : Mon Jul 20 22:22:29 2026
| Host         : adrian running 64-bit Ubuntu 24.04.4 LTS
| Command      : report_ram_utilization -file /home/adrian/vhdl_repo/IP_Cores/NPU/syn/reportes_axi/ram.rpt -quiet
| Design       : npu_axi_top
| Device       : xcve2302-sfva784-1LP-e-S
| Speed File   : -1LP
---------------------------------------------------------------------------------------------------------------------------------------------

RAM Usage Information

Table of Contents
-----------------
1. Summary
2. Memory Description
3. Memory Utilization - Inferred
4. Memory Performance - Inferred
5. Block Ram / URAM Memory Power - Inferred

1. Summary
----------

+--------------------------+------------+-----------+-------+-----------+
| Memory Type              | Total Used | Available | Util% | Inferred% |
+--------------------------+------------+-----------+-------+-----------+
| URAM                     |          0 |       155 |  0.00 |      0.00 |
| BlockRAM                 |          1 |       155 |  0.65 |    100.00 |
|  RAMB36E5_INT            |          1 |           |       |    100.00 |
| LUTMs as Distributed RAM |        890 |     75136 |  1.18 |    100.00 |
|  LUTMs as RAM64X1D       |         74 |           |       |    100.00 |
|  LUTMs as RAM64M8        |        808 |           |       |    100.00 |
|  LUTMs as RAM32M16       |          8 |           |       |    100.00 |
| XRAM                     |          0 |         1 |  0.00 |      0.00 |
+--------------------------+------------+-----------+-------+-----------+
*  Each RAMB18 is calculated as 0.5 BlockRAM
**  Tables 2, 3, 4 and 5 cover RAMs inferred by Vivado Synthesis using XPMs or RTL inference
***  XRAMs are not reported for detailed tables


2. Memory Description
---------------------

+--------------------------------+------------+-----------+-------------+------------------------+------------------------+
| Memory Name                    | Array Size | RAM_STYLE | Memory Type | Port 1 Dimension / Map | Port 2 Dimension / Map |
+--------------------------------+------------+-----------+-------------+------------------------+------------------------+
| u_core/u_s2/w3_ram             |      20480 |           | RAM_SDP     | 2560x8                 | 2560x8                 |
|  u_core/u_s2/w3_ram_reg_bram_0 |      20480 |      AUTO |             |  A:A:4096x8            |  B:B:4096x8            |
+--------------------------------+------------+-----------+-------------+------------------------+------------------------+


3. Memory Utilization - Inferred
--------------------------------

+--------------------------------+--------------+-----------+----------------+-----------+-----------+---------+---------------+---------------+---------+---------------+---------------+---------+---------------+---------------+---------+---------------+---------------+
| Memory Name                    | Primitive    | RAM STYLE | Available Bits | Used Bits | Bit Util% | A Depth | A Depth Avail | A Depth Util% | A Width | A Width Avail | A Width Util% | B Depth | B Depth Avail | B Depth Util% | B Width | B Width Avail | B Width Util% |
+--------------------------------+--------------+-----------+----------------+-----------+-----------+---------+---------------+---------------+---------+---------------+---------------+---------+---------------+---------------+---------+---------------+---------------+
| u_core/u_s2/w3_ram             |              |           |                |           |           |         |               |               |         |               |               |         |               |               |         |               |               |
|  u_core/u_s2/w3_ram_reg_bram_0 | RAMB36E5_INT |      AUTO |          36864 |     32768 |     88.89 |    4096 |          4096 |        100.00 |       8 |             9 |         88.89 |    4096 |          4096 |        100.00 |       8 |             9 |         88.89 |
+--------------------------------+--------------+-----------+----------------+-----------+-----------+---------+---------------+---------------+---------+---------------+---------------+---------+---------------+---------------+---------+---------------+---------------+


4. Memory Performance - Inferred
--------------------------------

+--------------------------------+--------------+------------------------+------------------------+-------------+-------------------------+-------------+-------------------------+-----------+--------+--------+---------+-----------+--------+--------+---------+
| Memory Name                    | Primitive    | Port 1 Dimension / Map | Port 2 Dimension / Map | Port A Type | Port A Requirement (ns) | Port B Type | Port B Requirement (ns) | A Cascade | IREG_A | OREG_A | DOA_REG | B Cascade | IREG_B | OREG_B | DOB_REG |
+--------------------------------+--------------+------------------------+------------------------+-------------+-------------------------+-------------+-------------------------+-----------+--------+--------+---------+-----------+--------+--------+---------+
| u_core/u_s2/w3_ram             |              | 2560x8                 | 2560x8                 |             |                         |             |                         |           |        |        |         |           |        |        |         |
|  u_core/u_s2/w3_ram_reg_bram_0 | RAMB36E5_INT |  A:A:4096x8            |  B:B:4096x8            |       Write |                    10.0 |        Read |                    10.0 |      NONE |        |        |       0 |      NONE |        |        |       0 |
+--------------------------------+--------------+------------------------+------------------------+-------------+-------------------------+-------------+-------------------------+-----------+--------+--------+---------+-----------+--------+--------+---------+


5. Block Ram / URAM Memory Power - Inferred
-------------------------------------------

+--------------------------------+--------------+------------------------+------------------------+--------------------+---------------+-------------------+-----------+--------------------+---------------+-------------------+-----------+
| Memory Name                    | Primitive    | Port 1 Dimension / Map | Port 2 Dimension / Map | Port A Power Gated | Port A Enable | Port A WRITE_MODE | A Cascade | Port B Power Gated | Port B Enable | Port B WRITE_MODE | B Cascade |
+--------------------------------+--------------+------------------------+------------------------+--------------------+---------------+-------------------+-----------+--------------------+---------------+-------------------+-----------+
| u_core/u_s2/w3_ram             |              | 2560x8                 | 2560x8                 |                    |               |                   |           |                    |               |                   |           |
|  u_core/u_s2/w3_ram_reg_bram_0 | RAMB36E5_INT |  A:A:4096x8            |  B:B:4096x8            |                    |         POWER |        READ_FIRST |      NONE |                    |        SIGNAL |       WRITE_FIRST |      NONE |
+--------------------------------+--------------+------------------------+------------------------+--------------------+---------------+-------------------+-----------+--------------------+---------------+-------------------+-----------+


